=== audit_everything complete portfolio ===
Started: 2026-07-30 08:44:53 CEST 
Patience: 180
Warning message:
package 'testthat' was built under R version 4.6.1 
Package: 0.7.40 
Registry: C:/WZB Dropbox/Macartan Humphreys/5_github/replicate_everything/registry 
[1/14] A Welfare Analysis of Policies Impacting Climate Change
  - Figure 1 (fig_1, stata) ...
    [timeout]
  - Figure 2 (fig_2, stata) ...
    [timeout]
  - Figure 3 (fig_3, stata) ...
    [timeout]
  - Figure 4 (fig_4, stata) ...
    [ok]
  - Figure 5 (fig_5, stata) ...
    [timeout]
  - Figure 6 (fig_6, stata) ...
    [timeout]
  - Figure 7 (fig_7, stata) ...
    [ok]
  - Figure 8 (fig_8, stata) ...
    [ok]
  - Table 1 (tab_1, stata) ...
    [timeout]
  - Table 2 (tab_2, stata) ...
    [timeout]
[2/14] Beyond Belief Change: The Persuasive Returns of Targeting Attitude-Relevant Beliefs
  - Table 1 (tab_1, r) ...
    [ok]
  - Table 3 (tab_3, r) ...
    [ok]
[3/14] Bounding Causes of Effects With Mediators
  - Figure 1 (fig_1, r) ...
    [ok]
[4/14] COVID-19 vaccine acceptance and hesitancy in low- and middle-income countries
  - Table 2 (tab_2, r) ...

Attaching package: 'kableExtra'

The following object is masked from 'package:dplyr':

    group_rows

    [ok]
  - Fig. 1 (fig_1, r) ...
------------------------------------------------------------------------------
You have loaded plyr after dplyr - this is likely to cause problems.
If you need functions from both plyr and dplyr, please load plyr first, then dplyr:
library(plyr); library(dplyr)
------------------------------------------------------------------------------

Attaching package: 'plyr'

The following objects are masked from 'package:dplyr':

    arrange, count, desc, mutate, rename, summarise, summarize

The following object is masked from 'package:purrr':

    compact

    [ok]
  - Fig. 2 (fig_2, r) ...
    [ok]
  - Fig. 3 (fig_3, r) ...
    [ok]
  - Extended Data Fig. 1 (ext_fig_1, r) ...
    [ok]
  - Extended Data Fig. 2 (ext_fig_2, r) ...

Attaching package: 'scales'

The following objects are masked from 'package:psych':

    alpha, rescale

The following object is masked from 'package:purrr':

    discard

The following object is masked from 'package:readr':

    col_factor

    [ok]
[5/14] Ethnicity, Insurgency, and Civil War
  - Table 1 (tab_1, r) ...
    [ok]
  - Table 1 (tab_1_stata, stata) ...
    [ok]
[6/14] Ideological Alignment and Evidence-Based Policy Adoption
  - Table H.1 (tab_h1, stata) [other]
  - Table 1 (tab_1, stata) ...
    [ok]
  - Table 2 (tab_2, stata) ...
    [ok]
  - Table 3 (tab_3, stata) ...
    [ok]
  - Table 4 (tab_4, stata) ...
    [ok]
  - Figure 2 (fig_2, stata) ...
    [ok]
[7/14] Migration, Families, and Counterfactual Families
  - Table 1 (tab_1, stata) ...
    [ok]
  - Table 2 (tab_2, stata) ...
    [ok]
  - Table 3 (tab_3, stata) ...
    [ok]
  - Table A.1 (tab_A_1, stata) ...
    [ok]
  - Table A.2 (tab_A_2, stata) ...
    [ok]
  - Table A.3 (tab_A_3, stata) ...
    [ok]
  - Table A.4 (tab_A_4, stata) ...
    [ok]
  - Table A.5 (tab_A_5, stata) ...
    [ok]
  - Figure 1 (fig_1, stata) ...
    [ok]
  - Figure 1 (fig_1_panel_b, stata) ...
    [ok]
  - Figure A.2 (fig_A_2, stata) ...
    [ok]
  - Figure 2 (fig_2_panel_a, stata) ...
    [ok]
  - Figure 2 (fig_2_panel_b, stata) ...
    [ok]
  - Figure A.1 (fig_A_1_panel_a, stata) ...
    [ok]
  - Figure A.1 (fig_A_1_panel_b, stata) ...
    [ok]
  - Figure 3 (fig_3_panel_a, stata) ...
    [ok]
  - Figure 3 (fig_3_panel_b, stata) ...
    [ok]
  - Figure 4 (fig_4_panel_a, stata) ...
    [ok]
  - Figure 4 (fig_4_panel_b, stata) ...
    [ok]
[8/14] Minimal folder-backed template study
  - Simple table (tab_1, r) ...
    [ok]
[9/14] Minimal reanalysis template repo
  - Table 1 (tab_1, r) ...
    [ok]
[10/14] Portraits of Power: Facial Appearance and the Tacit Domain of Political Selection in China
  - Table 1 (tab_1, stata) ...
    [ok]
  - Table 2 (tab_2, stata) ...
    [ok]
  - Table 3 (tab_3, stata) ...
    [ok]
  - Figure 2 (fig_2, python) ...
    [ok]
  - Figure 4 (fig_4, r) ...
    [ok]
  - Figure 5 (fig_5, r) ...
    [ok]
[11/14] Preventing Rebel Resurgence after Civil War: A Field Experiment in Security and Justice Provision in Rural Colombia
  - Table 1 (tab_1, stata) ...
    [ok]
[12/14] Public support for global vaccine sharing in the COVID-19 pandemic: Evidence from Germany
  - Figure 1 (fig_1, r) ...
    [ok]
  - Figure 2 (fig_2, r) ...
    [ok]
  - Figure 3 (fig_3, r) ...
    [ok]
  - Figure 4 (fig_4, r) ...
    [ok]
  - Figure 5 (fig_5, r) ...
    [ok]
  - Figure 6 (fig_6, r) ...
    [ok]
  - Figure 7 (fig_7, r) ...
    [ok]
  - Figure 8 (fig_8, r) ...
    [ok]
  - Table 2 (tab_2, r) ...
    [ok]
  - Table 1 (tab_1, r) ...
    [ok]
[13/14] Sovereignty, Substance, and Public Support for European Courts' Human Rights Rulings
  - Table 3a — Summary statistics, Deportation vignette (tab_3a, r) ...
Registered S3 method overwritten by 'table1':
  method    from
  [.indexed plyr
    [ok]
  - Table 3b — Summary statistics, Quran burning and Eviction vignettes (tab_3b, r) ...
    [ok]
  - Figure 1 — Treatment summaries (fig_1, r) ...
    [ok]
  - Figure 2a — Effect of EC disagreeing with domestic court (H1) (fig_2a, r) ...
    [ok]
  - Figure 2b — Effect of EC disagreeing with domestic court, by country (fig_2b, r) ...
    [ok]
  - Figure 2c — Effect of EC disagreeing with domestic court, by country (averaged over vignettes) (fig_2c, r) ...
    [ok]
  - Figure 3a — H1 heterogeneity by domestic rule-of-law satisfaction (fig_3a, r) ...
    [ok]
  - Figure 3b — H1 heterogeneity by domestic rule-of-law satisfaction (UK/Denmark only) (fig_3b, r) ...
    [ok]
  - Figure 3c — Difference in EC-disagreement effect by rule-of-law satisfaction (UK/Denmark only) (fig_3c, r) ...
Ignoring unknown labels:
• colour : "Rule of law satistfaction"
    [ok]
  - Figure 4a — Effect of case outcome (H2) (fig_4a, r) ...
    [ok]
  - Figure 4b — Difference between case outcome effect and sovereignty effect (fig_4b, r) ...
    [ok]
  - Figure 5a — H2 interactions by sympathy toward applicant (fig_5a, r) ...
    [ok]
  - Figure 5b — Difference in outcome effect between sympathetic and unsympathetic respondents (fig_5b, r) ...
    [ok]
  - Figure 6 — Heterogeneity by nationalism (fig_6, r) ...
    [ok]
  - Figure 7 — Heterogeneity by authoritarianism (fig_7, r) ...
    [ok]
[14/14] The Colonial Origins of Comparative Development
  - Table 1 (tab_1, r) ...
    [ok]
  - Table 1 (tab_1_stata, stata) ...
    [ok]
  - Table 2 (tab_2, r) ...
    [ok]
  - Table 2 (tab_2_stata, stata) ...
    [ok]
  - Table 3 (tab_3, r) ...
    [ok]
  - Table 3 (tab_3_stata, stata) ...
    [ok]
  - Table 4 (tab_4, r) ...
    [ok]
  - Table 4 (tab_4_stata, stata) ...
    [ok]
  - Table 5 (tab_5, r) ...
    [ok]
  - Table 5 (tab_5_stata, stata) ...
    [ok]
  - Table 6 (tab_6, r) ...
    [ok]
  - Table 6 (tab_6_stata, stata) ...
    [ok]
  - Table 7 (tab_7, r) ...
    [ok]
  - Table 7 (tab_7_stata, stata) ...
    [ok]
  - Table 8 (tab_8, r) ...
    [ok]
  - Table 8 (tab_8_stata, stata) ...
    [ok]
There were 50 or more warnings (use warnings() to see the first 50)
replicateEverything registry audit
Patience: 180s | Studies: 14 | Runs: 96 | OK: 88 | Failed: 7 | Timed out: 7 | Skipped: 1

Skipped (incomplete / unavailable):
  Ideological Alignment and Evidence-Based Policy Adoption
    - Table H.1 (tab_h1, stata): Table H.1 not available because of proprietary data

Failures by study:
  A Welfare Analysis of Policies Impacting Climate Change
    - Figure 1 (fig_1, stata) [timed out after 180s audit cap]: Timed out after 180 seconds (audit cap; timeout_seconds: 180) | ! Native call to `processx_wait` failed | Caused by error in `chain_clean_call(...)`: | ! reached elapsed time limit
    - Figure 2 (fig_2, stata) [timed out after 180s audit cap]: Timed out after 180 seconds (audit cap; timeout_seconds: 180) | ! Native call to `processx_wait` failed | Caused by error in `chain_clean_call(...)`: | ! reached elapsed time limit
    - Figure 3 (fig_3, stata) [timed out after 180s audit cap]: Timed out after 180 seconds (audit cap; timeout_seconds: 180) | ! Native call to `processx_wait` failed | Caused by error in `chain_clean_call(...)`: | ! reached elapsed time limit
    - Figure 5 (fig_5, stata) [timed out after 180s audit cap]: Timed out after 180 seconds (audit cap; timeout_seconds: 180) | ! Native call to `processx_wait` failed | Caused by error in `chain_clean_call(...)`: | ! reached elapsed time limit
    - Figure 6 (fig_6, stata) [timed out after 180s audit cap]: Timed out after 180 seconds (audit cap; timeout_seconds: 180) | ! Native call to `processx_wait` failed | Caused by error in `chain_clean_call(...)`: | ! reached elapsed time limit
    - Table 1 (tab_1, stata) [timed out after 180s audit cap]: Timed out after 180 seconds (audit cap; timeout_seconds: 180) | ! Native call to `processx_wait` failed | Caused by error in `chain_clean_call(...)`: | ! reached elapsed time limit
    - Table 2 (tab_2, stata) [timed out after 180s audit cap]: Timed out after 180 seconds (audit cap; timeout_seconds: 180) | ! Native call to `processx_wait` failed | Caused by error in `chain_clean_call(...)`: | ! reached elapsed time limit

CSV rows after audit: 96 
By source:

audit 
   96 
By progress:

      other replicating   timed_out 
          1          88           7 

Derived summary progress:
$replicating
[1] 88

$timed_out
[1] 7

$substantive_fail
[1] 0

$missing_engine
[1] 0

$other
[1] 1

$total
[1] 96


Finished: 2026-07-30 09:15:40 CEST 
Fail/timeout rows: 7 
